2025-05-16 12:25:52,216 - INFO - Starting sitemap generation cycle...
2025-05-16 12:25:52,217 - INFO - Starting crawl from https://help.fiftytwo.com/help/en-us/Content/Home.htm
2025-05-16 12:25:52,218 - INFO - Crawling: https://help.fiftytwo.com/help/en-us/Content/Home.htm (attempt 1)
2025-05-16 12:25:53,450 - INFO - Added to sitemap (1): https://help.fiftytwo.com/help/en-us/Content/Home.htm
2025-05-16 12:25:53,600 - INFO - Crawling: https://help.fiftytwo.com/help/en-us/Content/_RE/admin/re_wsa_store_info.htm (attempt 1)
2025-05-16 12:25:53,918 - INFO - Added to sitemap (2): https://help.fiftytwo.com/help/en-us/Content/_RE/admin/re_wsa_store_info.htm
2025-05-16 12:25:53,962 - INFO - Crawling: https://help.fiftytwo.com/help/en-us/Content/_RE/WPU/re_web_pos_ui_sco.htm (attempt 1)
2025-05-16 12:25:54,258 - INFO - Added to sitemap (3): https://help.fiftytwo.com/help/en-us/Content/_RE/WPU/re_web_pos_ui_sco.htm
2025-05-16 12:25:54,312 - INFO - Crawling: https://help.fiftytwo.com/help/en-us/Content/_WPUD/wpud_diagram.htm (attempt 1)
2025-05-16 12:25:54,633 - INFO - Added to sitemap (4): https://help.fiftytwo.com/help/en-us/Content/_WPUD/wpud_diagram.htm
2025-05-16 12:25:54,733 - INFO - Crawling: https://help.fiftytwo.com/help/en-us/Content/_MO/admin/mo_a_setup_appdeploy_mdm.htm (attempt 1)
2025-05-16 12:25:55,023 - INFO - Added to sitemap (5): https://help.fiftytwo.com/help/en-us/Content/_MO/admin/mo_a_setup_appdeploy_mdm.htm
2025-05-16 12:25:55,049 - INFO - Crawling: https://help.fiftytwo.com/help/en-us/Content/_EPOS/epos_activate.htm (attempt 1)
2025-05-16 12:25:55,339 - INFO - Added to sitemap (6): https://help.fiftytwo.com/help/en-us/Content/_EPOS/epos_activate.htm
2025-05-16 12:25:55,384 - INFO - Crawling: https://help.fiftytwo.com/help/en-us/Content/_WPUD/wpud_layout.htm (attempt 1)
2025-05-16 12:25:55,680 - INFO - Added to sitemap (7): https://help.fiftytwo.com/help/en-us/Content/_WPUD/wpud_layout.htm
2025-05-16 12:25:55,751 - INFO - Crawling: https://help.fiftytwo.com/help/en-us/Content/_RE/WPU/re_web_pos_ui.htm (attempt 1)
2025-05-16 12:25:56,050 - INFO - Added to sitemap (8): https://help.fiftytwo.com/help/en-us/Content/_RE/WPU/re_web_pos_ui.htm
2025-05-16 12:25:56,174 - INFO - Crawling: https://help.fiftytwo.com/help/en-us/Content/_WPUD/wpud_component.htm (attempt 1)
2025-05-16 12:25:56,460 - INFO - Added to sitemap (9): https://help.fiftytwo.com/help/en-us/Content/_WPUD/wpud_component.htm
2025-05-16 12:25:56,551 - INFO - Crawling: https://help.fiftytwo.com/help/en-us/Content/_WPUD/wpud_resources.htm (attempt 1)
2025-05-16 12:25:56,846 - INFO - Added to sitemap (10): https://help.fiftytwo.com/help/en-us/Content/_WPUD/wpud_resources.htm
2025-05-16 12:25:56,889 - INFO - Crawling: https://help.fiftytwo.com/help/en-us/Content/_RE/admin/re_wsa_till_config.htm (attempt 1)
2025-05-16 12:25:57,183 - INFO - Added to sitemap (11): https://help.fiftytwo.com/help/en-us/Content/_RE/admin/re_wsa_till_config.htm
2025-05-16 12:25:57,264 - INFO - Crawling: https://help.fiftytwo.com/help/en-us/Content/_EPOS/epos.htm (attempt 1)
2025-05-16 12:25:57,561 - INFO - Added to sitemap (12): https://help.fiftytwo.com/help/en-us/Content/_EPOS/epos.htm
2025-05-16 12:25:57,597 - INFO - Crawling: https://help.fiftytwo.com/help/en-us/Content/_RE/re_tips.htm (attempt 1)
2025-05-16 12:25:57,886 - INFO - Added to sitemap (13): https://help.fiftytwo.com/help/en-us/Content/_RE/re_tips.htm
2025-05-16 12:25:57,932 - INFO - Crawling: https://help.fiftytwo.com/help/en-us/Content/_MO/android/mo_a.htm (attempt 1)
2025-05-16 12:25:58,225 - INFO - Added to sitemap (14): https://help.fiftytwo.com/help/en-us/Content/_MO/android/mo_a.htm
2025-05-16 12:25:58,264 - INFO - Crawling: https://help.fiftytwo.com/help/en-us/Content/_RE/admin/re_svr_components.htm (attempt 1)
2025-05-16 12:25:58,556 - INFO - Added to sitemap (15): https://help.fiftytwo.com/help/en-us/Content/_RE/admin/re_svr_components.htm
2025-05-16 12:25:58,610 - INFO - Crawling: https://help.fiftytwo.com/help/en-us/Content/_MO/admin/mo_a_setup.htm (attempt 1)
2025-05-16 12:25:58,896 - INFO - Added to sitemap (16): https://help.fiftytwo.com/help/en-us/Content/_MO/admin/mo_a_setup.htm
2025-05-16 12:25:58,947 - INFO - Crawling: https://help.fiftytwo.com/help/en-us/Content/_RE/admin/re_fraud_faq.htm (attempt 1)
2025-05-16 12:25:59,245 - INFO - Added to sitemap (17): https://help.fiftytwo.com/help/en-us/Content/_RE/admin/re_fraud_faq.htm
2025-05-16 12:25:59,426 - INFO - Crawling: https://help.fiftytwo.com/help/en-us/Content/_RE/re_hw.htm (attempt 1)
2025-05-16 12:25:59,725 - INFO - Added to sitemap (18): https://help.fiftytwo.com/help/en-us/Content/_RE/re_hw.htm
2025-05-16 12:25:59,765 - INFO - Crawling: https://help.fiftytwo.com/help/en-us/Content/_RE/admin/re_wsatask_till_trainingmode.htm (attempt 1)
2025-05-16 12:26:00,102 - INFO - Added to sitemap (19): https://help.fiftytwo.com/help/en-us/Content/_RE/admin/re_wsatask_till_trainingmode.htm
2025-05-16 12:26:00,147 - INFO - Crawling: https://help.fiftytwo.com/help/en-us/Content/_RE/admin/re_wsa_discount_groups.htm (attempt 1)
2025-05-16 12:26:00,475 - INFO - Added to sitemap (20): https://help.fiftytwo.com/help/en-us/Content/_RE/admin/re_wsa_discount_groups.htm
2025-05-16 12:26:00,549 - INFO - Crawling: https://help.fiftytwo.com/help/en-us/Content/_RE/re_selfscan.htm (attempt 1)
2025-05-16 12:26:00,839 - INFO - Added to sitemap (21): https://help.fiftytwo.com/help/en-us/Content/_RE/re_selfscan.htm
2025-05-16 12:26:00,861 - INFO - Crawling: https://help.fiftytwo.com/help/en-us/Content/_RE/admin/re_wsa_articles.htm (attempt 1)
2025-05-16 12:26:01,152 - INFO - Added to sitemap (22): https://help.fiftytwo.com/help/en-us/Content/_RE/admin/re_wsa_articles.htm
2025-05-16 12:26:01,266 - INFO - Crawling: https://help.fiftytwo.com/help/en-us/Content/_RE/WPU/re_web_pos_ui_modifiers.htm (attempt 1)
2025-05-16 12:26:01,555 - INFO - Added to sitemap (23): https://help.fiftytwo.com/help/en-us/Content/_RE/WPU/re_web_pos_ui_modifiers.htm
2025-05-16 12:26:01,579 - INFO - Crawling: https://help.fiftytwo.com/help/en-us/Content/_MO/admin/mo.htm (attempt 1)
2025-05-16 12:26:01,875 - INFO - Added to sitemap (24): https://help.fiftytwo.com/help/en-us/Content/_MO/admin/mo.htm
2025-05-16 12:26:01,935 - INFO - Crawling: https://help.fiftytwo.com/help/en-us/Content/_MO/admin/mo_a_faq.htm (attempt 1)
2025-05-16 12:26:02,228 - INFO - Added to sitemap (25): https://help.fiftytwo.com/help/en-us/Content/_MO/admin/mo_a_faq.htm
2025-05-16 12:26:02,284 - INFO - Crawling: https://help.fiftytwo.com/help/en-us/Content/_RE/admin/re_wsa_price_groups.htm (attempt 1)
2025-05-16 12:26:02,580 - INFO - Added to sitemap (26): https://help.fiftytwo.com/help/en-us/Content/_RE/admin/re_wsa_price_groups.htm
2025-05-16 12:26:02,620 - INFO - Crawling: https://help.fiftytwo.com/help/en-us/Content/_RE/admin/re_wsa_articles_lists.htm (attempt 1)
2025-05-16 12:26:02,932 - INFO - Added to sitemap (27): https://help.fiftytwo.com/help/en-us/Content/_RE/admin/re_wsa_articles_lists.htm
2025-05-16 12:26:02,964 - INFO - Crawling: https://help.fiftytwo.com/help/en-us/Content/_RE/admin/re_wsa_discount_families.htm (attempt 1)
2025-05-16 12:26:03,260 - INFO - Added to sitemap (28): https://help.fiftytwo.com/help/en-us/Content/_RE/admin/re_wsa_discount_families.htm
2025-05-16 12:26:03,297 - INFO - Crawling: https://help.fiftytwo.com/help/en-us/Content/_RE/admin/re_wsa_articles_groups.htm (attempt 1)
2025-05-16 12:26:03,607 - INFO - Added to sitemap (29): https://help.fiftytwo.com/help/en-us/Content/_RE/admin/re_wsa_articles_groups.htm
2025-05-16 12:26:03,643 - INFO - Crawling: https://help.fiftytwo.com/help/en-us/Content/_RE/admin/re_wsa_departments.htm (attempt 1)
2025-05-16 12:26:03,939 - INFO - Added to sitemap (30): https://help.fiftytwo.com/help/en-us/Content/_RE/admin/re_wsa_departments.htm
2025-05-16 12:26:03,975 - INFO - Crawling: https://help.fiftytwo.com/help/en-us/Content/_RE/admin/re_wsa_customers.htm (attempt 1)
2025-05-16 12:26:04,284 - INFO - Added to sitemap (31): https://help.fiftytwo.com/help/en-us/Content/_RE/admin/re_wsa_customers.htm
2025-05-16 12:26:04,325 - INFO - Crawling: https://help.fiftytwo.com/help/en-us/Content/_RE/admin/re_wsa_report_operators_balance.htm (attempt 1)
2025-05-16 12:26:04,633 - INFO - Added to sitemap (32): https://help.fiftytwo.com/help/en-us/Content/_RE/admin/re_wsa_report_operators_balance.htm
2025-05-16 12:26:04,655 - INFO - Crawling: https://help.fiftytwo.com/help/en-us/Content/_RE/admin/re_wsa_report_bookkeeping.htm (attempt 1)
2025-05-16 12:26:04,977 - INFO - Added to sitemap (33): https://help.fiftytwo.com/help/en-us/Content/_RE/admin/re_wsa_report_bookkeeping.htm
2025-05-16 12:26:05,012 - INFO - Crawling: https://help.fiftytwo.com/help/en-us/Content/_RE/admin/re_wsa_receipt_search.htm (attempt 1)
2025-05-16 12:26:05,318 - INFO - Added to sitemap (34): https://help.fiftytwo.com/help/en-us/Content/_RE/admin/re_wsa_receipt_search.htm
2025-05-16 12:26:05,361 - INFO - Crawling: https://help.fiftytwo.com/help/en-us/Content/_RE/admin/re_wsa_services.htm (attempt 1)
2025-05-16 12:26:05,669 - INFO - Added to sitemap (35): https://help.fiftytwo.com/help/en-us/Content/_RE/admin/re_wsa_services.htm
2025-05-16 12:26:05,709 - INFO - Crawling: https://help.fiftytwo.com/help/en-us/Content/_RE/admin/re_wsa_salespersons.htm (attempt 1)
2025-05-16 12:26:06,010 - INFO - Added to sitemap (36): https://help.fiftytwo.com/help/en-us/Content/_RE/admin/re_wsa_salespersons.htm
2025-05-16 12:26:06,050 - INFO - Crawling: https://help.fiftytwo.com/help/en-us/Content/_RE/admin/re_wsa_operators.htm (attempt 1)
2025-05-16 12:26:06,342 - INFO - Added to sitemap (37): https://help.fiftytwo.com/help/en-us/Content/_RE/admin/re_wsa_operators.htm
2025-05-16 12:26:06,377 - INFO - Crawling: https://help.fiftytwo.com/help/en-us/Content/_RE/admin/re_wsa_device_config.htm (attempt 1)
2025-05-16 12:26:06,671 - INFO - Added to sitemap (38): https://help.fiftytwo.com/help/en-us/Content/_RE/admin/re_wsa_device_config.htm
2025-05-16 12:26:06,699 - INFO - Crawling: https://help.fiftytwo.com/help/en-us/Content/_RE/admin/re_wsa_till_categories.htm (attempt 1)
2025-05-16 12:26:07,001 - INFO - Added to sitemap (39): https://help.fiftytwo.com/help/en-us/Content/_RE/admin/re_wsa_till_categories.htm
2025-05-16 12:26:07,071 - INFO - Crawling: https://help.fiftytwo.com/help/en-us/Content/_RE/admin/re_wsaexample_shopasst_till_categories.htm (attempt 1)
2025-05-16 12:26:07,386 - INFO - Added to sitemap (40): https://help.fiftytwo.com/help/en-us/Content/_RE/admin/re_wsaexample_shopasst_till_categories.htm
2025-05-16 12:26:07,482 - INFO - Crawling: https://help.fiftytwo.com/help/en-us/Content/_WPUD/wpud_resources_languages.htm (attempt 1)
2025-05-16 12:26:07,775 - INFO - Added to sitemap (41): https://help.fiftytwo.com/help/en-us/Content/_WPUD/wpud_resources_languages.htm
2025-05-16 12:26:07,825 - INFO - Crawling: https://help.fiftytwo.com/help/en-us/Content/_RE/admin/re_wsa_till_config_sco.htm (attempt 1)
2025-05-16 12:26:08,225 - INFO - Added to sitemap (42): https://help.fiftytwo.com/help/en-us/Content/_RE/admin/re_wsa_till_config_sco.htm
2025-05-16 12:26:08,249 - INFO - Crawling: https://help.fiftytwo.com/help/en-us/Content/_RE/WPU/re_web_pos_ui_tillmgt.htm (attempt 1)
2025-05-16 12:26:08,626 - INFO - Added to sitemap (43): https://help.fiftytwo.com/help/en-us/Content/_RE/WPU/re_web_pos_ui_tillmgt.htm
2025-05-16 12:26:08,676 - INFO - Crawling: https://help.fiftytwo.com/help/en-us/Content/_RE/admin/re_wsatask_article_no_sell.htm (attempt 1)
2025-05-16 12:26:08,966 - INFO - Added to sitemap (44): https://help.fiftytwo.com/help/en-us/Content/_RE/admin/re_wsatask_article_no_sell.htm
2025-05-16 12:26:08,993 - INFO - Crawling: https://help.fiftytwo.com/help/en-us/Content/_RE/admin/re_wsa.htm (attempt 1)
2025-05-16 12:26:09,323 - INFO - Added to sitemap (45): https://help.fiftytwo.com/help/en-us/Content/_RE/admin/re_wsa.htm
2025-05-16 12:26:09,356 - INFO - Crawling: https://help.fiftytwo.com/help/en-us/Content/_EPOS/epos_deactivate.htm (attempt 1)
2025-05-16 12:26:09,645 - INFO - Added to sitemap (46): https://help.fiftytwo.com/help/en-us/Content/_EPOS/epos_deactivate.htm
2025-05-16 12:26:09,691 - INFO - Crawling: https://help.fiftytwo.com/help/en-us/Content/_RE/re_payment.htm (attempt 1)
2025-05-16 12:26:09,980 - INFO - Added to sitemap (47): https://help.fiftytwo.com/help/en-us/Content/_RE/re_payment.htm
2025-05-16 12:26:10,022 - INFO - Crawling: https://help.fiftytwo.com/help/en-us/Content/_UA/ua_customer.htm (attempt 1)
2025-05-16 12:26:10,306 - INFO - Added to sitemap (48): https://help.fiftytwo.com/help/en-us/Content/_UA/ua_customer.htm
2025-05-16 12:26:10,337 - INFO - Crawling: https://help.fiftytwo.com/help/en-us/Content/_UA/ua_admin.htm (attempt 1)
2025-05-16 12:26:10,628 - INFO - Added to sitemap (49): https://help.fiftytwo.com/help/en-us/Content/_UA/ua_admin.htm
2025-05-16 12:26:10,711 - INFO - Crawling: https://help.fiftytwo.com/help/en-us/Content/_RE/admin/re_arch.htm (attempt 1)
2025-05-16 12:26:11,012 - INFO - Added to sitemap (50): https://help.fiftytwo.com/help/en-us/Content/_RE/admin/re_arch.htm
2025-05-16 12:26:11,033 - INFO - Crawling: https://help.fiftytwo.com/help/en-us/Content/_UA/ua_access.htm (attempt 1)
2025-05-16 12:26:11,322 - INFO - Added to sitemap (51): https://help.fiftytwo.com/help/en-us/Content/_UA/ua_access.htm
2025-05-16 12:26:11,371 - INFO - Crawling: https://help.fiftytwo.com/help/en-us/Content/_UA/ua.htm (attempt 1)
2025-05-16 12:26:11,673 - INFO - Added to sitemap (52): https://help.fiftytwo.com/help/en-us/Content/_UA/ua.htm
2025-05-16 12:26:11,703 - INFO - Crawling: https://help.fiftytwo.com/help/en-us/Content/_WPUD/wpud.htm (attempt 1)
2025-05-16 12:26:11,997 - INFO - Added to sitemap (53): https://help.fiftytwo.com/help/en-us/Content/_WPUD/wpud.htm
2025-05-16 12:26:12,035 - INFO - Crawling: https://help.fiftytwo.com/help/en-us/Content/_UA/ua_faq.htm (attempt 1)
2025-05-16 12:26:12,332 - INFO - Added to sitemap (54): https://help.fiftytwo.com/help/en-us/Content/_UA/ua_faq.htm
2025-05-16 12:26:12,383 - INFO - Crawling: https://help.fiftytwo.com/help/en-us/Content/_EPOS/epos_setup.htm (attempt 1)
2025-05-16 12:26:12,684 - INFO - Added to sitemap (55): https://help.fiftytwo.com/help/en-us/Content/_EPOS/epos_setup.htm
2025-05-16 12:26:12,741 - INFO - Crawling: https://help.fiftytwo.com/help/en-us/Content/_MO/admin/mo_a_setup_app.htm (attempt 1)
2025-05-16 12:26:13,041 - INFO - Added to sitemap (56): https://help.fiftytwo.com/help/en-us/Content/_MO/admin/mo_a_setup_app.htm
2025-05-16 12:26:13,058 - INFO - Crawling: https://help.fiftytwo.com/help/en-us/Content/_RE/admin/re_replacement_faq.htm (attempt 1)
2025-05-16 12:26:13,348 - INFO - Added to sitemap (57): https://help.fiftytwo.com/help/en-us/Content/_RE/admin/re_replacement_faq.htm
2025-05-16 12:26:13,418 - INFO - Crawling: https://help.fiftytwo.com/help/en-us/Content/_RE/WPU/re_web_pos_ui_b2b.htm (attempt 1)
2025-05-16 12:26:13,724 - INFO - Added to sitemap (58): https://help.fiftytwo.com/help/en-us/Content/_RE/WPU/re_web_pos_ui_b2b.htm
2025-05-16 12:26:13,794 - INFO - Crawling: https://help.fiftytwo.com/help/en-us/Content/_RE/admin/re_vc.htm (attempt 1)
2025-05-16 12:26:14,090 - INFO - Added to sitemap (59): https://help.fiftytwo.com/help/en-us/Content/_RE/admin/re_vc.htm
2025-05-16 12:26:14,147 - INFO - Crawling: https://help.fiftytwo.com/help/en-us/Content/_MP/API/api_promotion.htm (attempt 1)
2025-05-16 12:26:14,442 - INFO - Added to sitemap (60): https://help.fiftytwo.com/help/en-us/Content/_MP/API/api_promotion.htm
2025-05-16 12:26:14,693 - INFO - Crawling: https://help.fiftytwo.com/help/en-us/Content/_RE/WPU/re_web_pos_ui_returns.htm (attempt 1)
2025-05-16 12:26:14,979 - INFO - Added to sitemap (61): https://help.fiftytwo.com/help/en-us/Content/_RE/WPU/re_web_pos_ui_returns.htm
2025-05-16 12:26:15,076 - INFO - Crawling: https://help.fiftytwo.com/help/en-us/Content/_RE/re_discount_types.htm (attempt 1)
2025-05-16 12:26:15,370 - INFO - Added to sitemap (62): https://help.fiftytwo.com/help/en-us/Content/_RE/re_discount_types.htm
2025-05-16 12:26:15,424 - INFO - Crawling: https://help.fiftytwo.com/help/en-us/Content/_RE/admin/re_wsa_campaigns.htm (attempt 1)
2025-05-16 12:26:15,714 - INFO - Added to sitemap (63): https://help.fiftytwo.com/help/en-us/Content/_RE/admin/re_wsa_campaigns.htm
2025-05-16 12:26:15,758 - INFO - Crawling: https://help.fiftytwo.com/help/en-us/Content/_RE/WPU/re_web_pos_ui_campaigns.htm (attempt 1)
2025-05-16 12:26:16,061 - INFO - Added to sitemap (64): https://help.fiftytwo.com/help/en-us/Content/_RE/WPU/re_web_pos_ui_campaigns.htm
2025-05-16 12:26:16,113 - INFO - Crawling: https://help.fiftytwo.com/help/en-us/Content/_RE/WPU/re_web_pos_ui_customer_add.htm (attempt 1)
2025-05-16 12:26:16,405 - INFO - Added to sitemap (65): https://help.fiftytwo.com/help/en-us/Content/_RE/WPU/re_web_pos_ui_customer_add.htm
2025-05-16 12:26:16,441 - INFO - Crawling: https://help.fiftytwo.com/help/en-us/Content/_MP/API/api_account.htm (attempt 1)
2025-05-16 12:26:16,736 - INFO - Added to sitemap (66): https://help.fiftytwo.com/help/en-us/Content/_MP/API/api_account.htm
2025-05-16 12:26:16,762 - INFO - Crawling: https://help.fiftytwo.com/help/en-us/Content/_MP/API/api_article.htm (attempt 1)
2025-05-16 12:26:17,060 - INFO - Added to sitemap (67): https://help.fiftytwo.com/help/en-us/Content/_MP/API/api_article.htm
2025-05-16 12:26:17,089 - INFO - Crawling: https://help.fiftytwo.com/help/en-us/Content/_MP/API/api_basket.htm (attempt 1)
2025-05-16 12:26:17,395 - INFO - Added to sitemap (68): https://help.fiftytwo.com/help/en-us/Content/_MP/API/api_basket.htm
2025-05-16 12:26:17,684 - INFO - Crawling: https://help.fiftytwo.com/help/en-us/Content/_MP/API/api_bonus.htm (attempt 1)
2025-05-16 12:26:18,009 - INFO - Added to sitemap (69): https://help.fiftytwo.com/help/en-us/Content/_MP/API/api_bonus.htm
2025-05-16 12:26:18,072 - INFO - Crawling: https://help.fiftytwo.com/help/en-us/Content/_MP/API/api_giftcard.htm (attempt 1)
2025-05-16 12:26:18,368 - INFO - Added to sitemap (70): https://help.fiftytwo.com/help/en-us/Content/_MP/API/api_giftcard.htm
2025-05-16 12:26:18,500 - INFO - Crawling: https://help.fiftytwo.com/help/en-us/Content/_MP/API/api_order.htm (attempt 1)
2025-05-16 12:26:18,897 - INFO - Added to sitemap (71): https://help.fiftytwo.com/help/en-us/Content/_MP/API/api_order.htm
2025-05-16 12:26:19,178 - INFO - Crawling: https://help.fiftytwo.com/help/en-us/Content/_MP/API/api_savereceipt.htm (attempt 1)
2025-05-16 12:26:19,508 - INFO - Added to sitemap (72): https://help.fiftytwo.com/help/en-us/Content/_MP/API/api_savereceipt.htm
2025-05-16 12:26:19,628 - INFO - Crawling: https://help.fiftytwo.com/help/en-us/Content/_MP/API/api_voucher.htm (attempt 1)
2025-05-16 12:26:19,966 - INFO - Added to sitemap (73): https://help.fiftytwo.com/help/en-us/Content/_MP/API/api_voucher.htm
2025-05-16 12:26:20,096 - INFO - Crawling: https://help.fiftytwo.com/help/en-us/Content/_MP/admin/mp_apis_arch.htm (attempt 1)
2025-05-16 12:26:20,383 - INFO - Added to sitemap (74): https://help.fiftytwo.com/help/en-us/Content/_MP/admin/mp_apis_arch.htm
2025-05-16 12:26:20,447 - INFO - Crawling: https://help.fiftytwo.com/help/en-us/Content/_RE/WPU/re_web_pos_ui_landing.htm (attempt 1)
2025-05-16 12:26:20,733 - INFO - Added to sitemap (75): https://help.fiftytwo.com/help/en-us/Content/_RE/WPU/re_web_pos_ui_landing.htm
2025-05-16 12:26:20,780 - INFO - Crawling: https://help.fiftytwo.com/help/en-us/Content/_RE/WPU/re_web_pos_ui_articlesearch.htm (attempt 1)
2025-05-16 12:26:21,072 - INFO - Added to sitemap (76): https://help.fiftytwo.com/help/en-us/Content/_RE/WPU/re_web_pos_ui_articlesearch.htm
2025-05-16 12:26:21,104 - INFO - Crawling: https://help.fiftytwo.com/help/en-us/Content/_RE/re_operator_salesperson.htm (attempt 1)
2025-05-16 12:26:21,392 - INFO - Added to sitemap (77): https://help.fiftytwo.com/help/en-us/Content/_RE/re_operator_salesperson.htm
2025-05-16 12:26:21,425 - INFO - Crawling: https://help.fiftytwo.com/help/en-us/Content/_RE/admin/re_viewgroups_setup.htm (attempt 1)
2025-05-16 12:26:21,726 - INFO - Added to sitemap (78): https://help.fiftytwo.com/help/en-us/Content/_RE/admin/re_viewgroups_setup.htm
2025-05-16 12:26:21,765 - INFO - Crawling: https://help.fiftytwo.com/help/en-us/Content/_RE/re.htm (attempt 1)
2025-05-16 12:26:22,050 - INFO - Added to sitemap (79): https://help.fiftytwo.com/help/en-us/Content/_RE/re.htm
2025-05-16 12:26:22,084 - INFO - Crawling: https://help.fiftytwo.com/help/en-us/Content/_ES/es.htm (attempt 1)
2025-05-16 12:26:22,383 - INFO - Added to sitemap (80): https://help.fiftytwo.com/help/en-us/Content/_ES/es.htm
2025-05-16 12:26:22,397 - INFO - Crawling: https://help.fiftytwo.com/help/en-us/Content/DisclaimerTrademarks/CopyrightDisclaimerTrademarks.htm (attempt 1)
2025-05-16 12:26:22,703 - INFO - Added to sitemap (81): https://help.fiftytwo.com/help/en-us/Content/DisclaimerTrademarks/CopyrightDisclaimerTrademarks.htm
2025-05-16 12:26:22,731 - INFO - Crawling: https://help.fiftytwo.com/help/en-us/Content/Resources/Multimedia/podcasts/52ViKINGpodcast_SCOAgeVerification_4m37s.wav (attempt 1)
2025-05-16 12:26:27,180 - INFO - Skipping non-HTML content: https://help.fiftytwo.com/help/en-us/Content/Resources/Multimedia/podcasts/52ViKINGpodcast_SCOAgeVerification_4m37s.wav (Content-Type: audio/wav)
2025-05-16 12:26:27,181 - INFO - Crawling: https://help.fiftytwo.com/help/en-us/Content/Common/contact.htm (attempt 1)
2025-05-16 12:26:27,509 - INFO - Added to sitemap (82): https://help.fiftytwo.com/help/en-us/Content/Common/contact.htm
2025-05-16 12:26:27,527 - INFO - Crawling: https://help.fiftytwo.com/help/en-us/Content/_RE/WPU/re_web_pos_ui_dashboard.htm (attempt 1)
2025-05-16 12:26:27,811 - INFO - Added to sitemap (83): https://help.fiftytwo.com/help/en-us/Content/_RE/WPU/re_web_pos_ui_dashboard.htm
2025-05-16 12:26:27,834 - INFO - Crawling: https://help.fiftytwo.com/help/en-us/Content/_RE/admin/re_vc_shortcuts.htm (attempt 1)
2025-05-16 12:26:28,125 - INFO - Added to sitemap (84): https://help.fiftytwo.com/help/en-us/Content/_RE/admin/re_vc_shortcuts.htm
2025-05-16 12:26:28,226 - INFO - Crawling: https://help.fiftytwo.com/help/en-us/Content/_RE/admin/re_wsa_shopasst_categories.htm (attempt 1)
2025-05-16 12:26:28,573 - INFO - Added to sitemap (85): https://help.fiftytwo.com/help/en-us/Content/_RE/admin/re_wsa_shopasst_categories.htm
2025-05-16 12:26:28,654 - INFO - Crawling: https://help.fiftytwo.com/help/en-us/Content/_RE/re_credit_sales.htm (attempt 1)
2025-05-16 12:26:28,962 - INFO - Added to sitemap (86): https://help.fiftytwo.com/help/en-us/Content/_RE/re_credit_sales.htm
2025-05-16 12:26:28,984 - INFO - Crawling: https://help.fiftytwo.com/help/en-us/Content/_RE/admin/re_vc_operator.htm (attempt 1)
2025-05-16 12:26:29,280 - INFO - Added to sitemap (87): https://help.fiftytwo.com/help/en-us/Content/_RE/admin/re_vc_operator.htm
2025-05-16 12:26:29,325 - INFO - Crawling: https://help.fiftytwo.com/help/en-us/Content/_MP/mp.htm (attempt 1)
2025-05-16 12:26:29,652 - INFO - Added to sitemap (88): https://help.fiftytwo.com/help/en-us/Content/_MP/mp.htm
2025-05-16 12:26:29,697 - INFO - Crawling: https://help.fiftytwo.com/help/en-us/Content/Resources/Files/ReceiptBasket.xsd (attempt 1)
2025-05-16 12:26:30,024 - INFO - Skipping non-HTML content: https://help.fiftytwo.com/help/en-us/Content/Resources/Files/ReceiptBasket.xsd (Content-Type: application/xml)
2025-05-16 12:26:30,024 - INFO - Crawling: https://help.fiftytwo.com/help/en-us/Content/_RE/re_till_balance_book.htm (attempt 1)
2025-05-16 12:26:30,308 - INFO - Added to sitemap (89): https://help.fiftytwo.com/help/en-us/Content/_RE/re_till_balance_book.htm
2025-05-16 12:26:30,339 - INFO - Crawl complete. Discovered 89 pages.
2025-05-16 12:26:30,339 - INFO - Adding manual URL: https://help.fiftytwo.com/help/en-us/Content/_RE/admin/re_web_pos_ui_add_printer.htm
2025-05-16 12:26:30,340 - INFO - Generating sitemap.xml...
2025-05-16 12:26:30,371 - INFO - Sitemap generated and saved to sitemap.xml
2025-05-16 12:26:30,371 - INFO - Sitemap generation cycle complete. Sleeping for 6 hours...

